// Jest Snapshot v1, https://goo.gl/fbAQLP

exports[`render components should create main page 1`] = `
Object {
  "asFragment": [Function],
  "baseElement": <body>
    <div>
      <div
        class="test"
      >
        <img
          alt=""
          class="bgimg"
          src="https://thumbs.dfs.ivi.ru/storage23/contents/2/b/0c693b91b7b3361068d637b42e3ed0.jpg/1920x1080/?q=85"
        />
      </div>
      <div
        class="wrapper"
      >
        <div
          class="infowrapper"
        >
          <img
            alt="Photo"
            src="https://world-wells.ru/wp-content/uploads/0/f/5/0f564624972dad2115ea70d4b0bff5b0.jpeg"
          />
          <div>
            <h2>
              Сергей Бурунов
            </h2>
            <p>
              Sergey Burunov
            </p>
          </div>
        </div>
        <div
          class="wraper"
        >
          <p>
            Сергей Бурунов – российский актер театра и кино, актер озвучивания и пародист. 
	 Получил известность по телешоу «Большая разница», после чего начал а
            ...
             
          </p>
          <p
            class="showall"
          >
            Развернуть
          </p>
        </div>
        <div
          class="nav"
        >
          <a
            href="#film"
          >
            3
             фильма
          </a>
          <div
            class="point"
          />
          <a
            href="#bio"
          >
            Биография
          </a>
        </div>
        <div
          id="film"
        >
          <div
            class="listlabel"
          >
            <div
              class="container"
              data-testid="title-container"
            >
              <h2
                class="title"
              >
                Полная фильмография
              </h2>
            </div>
            <p>
              3
               фильма
            </p>
          </div>
          <div
            class="listitem"
          >
            <img
              alt="Poster"
              src="https://thumbs.dfs.ivi.ru/storage2/contents/1/1/24e317e380f8a6bf033e25c3b47cc9.jpg/234x360/?q=85"
            />
            <div
              class="infolistwrapper"
            >
              <h3>
                Губка боб
              </h3>
              <p>
                2020
              </p>
              <p>
                Рейтинг Кинопоиск: 
                7,9
              </p>
            </div>
            <div
              class="buttonwrapper"
            >
              <button
                class="btn"
              >
                <p>
                  Смотреть
                </p>
              </button>
            </div>
          </div>
          <div
            class="listitem"
          >
            <img
              alt="Poster"
              src="https://thumbs.dfs.ivi.ru/storage23/contents/8/5/d8d2fea60b6a57adb2d25a76499f58.jpg/234x360/?q=85"
            />
            <div
              class="infolistwrapper"
            >
              <h3>
                Титаник
              </h3>
              <p>
                2022
              </p>
              <p>
                Рейтинг Кинопоиск: 
                8,6
              </p>
            </div>
            <div
              class="buttonwrapper"
            >
              <button
                class="btn"
              >
                <p>
                  Смотреть
                </p>
              </button>
            </div>
          </div>
          <div
            class="listitem"
          >
            <img
              alt="Poster"
              src="https://thumbs.dfs.ivi.ru/storage8/contents/e/6/071e0668ff2d48216b7967891ca39f.jpg/234x360/?q=85"
            />
            <div
              class="infolistwrapper"
            >
              <h3>
                Друзья
              </h3>
              <p>
                2021
              </p>
              <p>
                Рейтинг Кинопоиск: 
                9,1
              </p>
            </div>
            <div
              class="buttonwrapper"
            >
              <button
                class="btn"
              >
                <p>
                  Смотреть
                </p>
              </button>
            </div>
          </div>
          <div
            class="bioWrapper"
            id="bio"
          >
            <div
              class="container"
              data-testid="title-container"
            >
              <h2
                class="title"
              >
                Биография
              </h2>
            </div>
            <div
              class="wraper"
            >
              <p>
                Сергей Александрович Бурунов родился в семье электротехника и медсестры 6 марта 1977 года в Москве. У Сергея есть старший брат, который стал переводчиком. В детстве Сергей и не мечтал становиться актером – он хотел летать и грезил о профессии военного летчика. Именно поэтому Сергей поступил в Качинс
                ...
                 
              </p>
              <p
                class="showall"
              >
                Развернуть
              </p>
            </div>
          </div>
        </div>
      </div>
    </div>
  </body>,
  "container": <div>
    <div
      class="test"
    >
      <img
        alt=""
        class="bgimg"
        src="https://thumbs.dfs.ivi.ru/storage23/contents/2/b/0c693b91b7b3361068d637b42e3ed0.jpg/1920x1080/?q=85"
      />
    </div>
    <div
      class="wrapper"
    >
      <div
        class="infowrapper"
      >
        <img
          alt="Photo"
          src="https://world-wells.ru/wp-content/uploads/0/f/5/0f564624972dad2115ea70d4b0bff5b0.jpeg"
        />
        <div>
          <h2>
            Сергей Бурунов
          </h2>
          <p>
            Sergey Burunov
          </p>
        </div>
      </div>
      <div
        class="wraper"
      >
        <p>
          Сергей Бурунов – российский актер театра и кино, актер озвучивания и пародист. 
	 Получил известность по телешоу «Большая разница», после чего начал а
          ...
           
        </p>
        <p
          class="showall"
        >
          Развернуть
        </p>
      </div>
      <div
        class="nav"
      >
        <a
          href="#film"
        >
          3
           фильма
        </a>
        <div
          class="point"
        />
        <a
          href="#bio"
        >
          Биография
        </a>
      </div>
      <div
        id="film"
      >
        <div
          class="listlabel"
        >
          <div
            class="container"
            data-testid="title-container"
          >
            <h2
              class="title"
            >
              Полная фильмография
            </h2>
          </div>
          <p>
            3
             фильма
          </p>
        </div>
        <div
          class="listitem"
        >
          <img
            alt="Poster"
            src="https://thumbs.dfs.ivi.ru/storage2/contents/1/1/24e317e380f8a6bf033e25c3b47cc9.jpg/234x360/?q=85"
          />
          <div
            class="infolistwrapper"
          >
            <h3>
              Губка боб
            </h3>
            <p>
              2020
            </p>
            <p>
              Рейтинг Кинопоиск: 
              7,9
            </p>
          </div>
          <div
            class="buttonwrapper"
          >
            <button
              class="btn"
            >
              <p>
                Смотреть
              </p>
            </button>
          </div>
        </div>
        <div
          class="listitem"
        >
          <img
            alt="Poster"
            src="https://thumbs.dfs.ivi.ru/storage23/contents/8/5/d8d2fea60b6a57adb2d25a76499f58.jpg/234x360/?q=85"
          />
          <div
            class="infolistwrapper"
          >
            <h3>
              Титаник
            </h3>
            <p>
              2022
            </p>
            <p>
              Рейтинг Кинопоиск: 
              8,6
            </p>
          </div>
          <div
            class="buttonwrapper"
          >
            <button
              class="btn"
            >
              <p>
                Смотреть
              </p>
            </button>
          </div>
        </div>
        <div
          class="listitem"
        >
          <img
            alt="Poster"
            src="https://thumbs.dfs.ivi.ru/storage8/contents/e/6/071e0668ff2d48216b7967891ca39f.jpg/234x360/?q=85"
          />
          <div
            class="infolistwrapper"
          >
            <h3>
              Друзья
            </h3>
            <p>
              2021
            </p>
            <p>
              Рейтинг Кинопоиск: 
              9,1
            </p>
          </div>
          <div
            class="buttonwrapper"
          >
            <button
              class="btn"
            >
              <p>
                Смотреть
              </p>
            </button>
          </div>
        </div>
        <div
          class="bioWrapper"
          id="bio"
        >
          <div
            class="container"
            data-testid="title-container"
          >
            <h2
              class="title"
            >
              Биография
            </h2>
          </div>
          <div
            class="wraper"
          >
            <p>
              Сергей Александрович Бурунов родился в семье электротехника и медсестры 6 марта 1977 года в Москве. У Сергея есть старший брат, который стал переводчиком. В детстве Сергей и не мечтал становиться актером – он хотел летать и грезил о профессии военного летчика. Именно поэтому Сергей поступил в Качинс
              ...
               
            </p>
            <p
              class="showall"
            >
              Развернуть
            </p>
          </div>
        </div>
      </div>
    </div>
  </div>,
  "debug": [Function],
  "findAllByAltText": [Function],
  "findAllByDisplayValue": [Function],
  "findAllByLabelText": [Function],
  "findAllByPlaceholderText": [Function],
  "findAllByRole": [Function],
  "findAllByTestId": [Function],
  "findAllByText": [Function],
  "findAllByTitle": [Function],
  "findByAltText": [Function],
  "findByDisplayValue": [Function],
  "findByLabelText": [Function],
  "findByPlaceholderText": [Function],
  "findByRole": [Function],
  "findByTestId": [Function],
  "findByText": [Function],
  "findByTitle": [Function],
  "getAllByAltText": [Function],
  "getAllByDisplayValue": [Function],
  "getAllByLabelText": [Function],
  "getAllByPlaceholderText": [Function],
  "getAllByRole": [Function],
  "getAllByTestId": [Function],
  "getAllByText": [Function],
  "getAllByTitle": [Function],
  "getByAltText": [Function],
  "getByDisplayValue": [Function],
  "getByLabelText": [Function],
  "getByPlaceholderText": [Function],
  "getByRole": [Function],
  "getByTestId": [Function],
  "getByText": [Function],
  "getByTitle": [Function],
  "queryAllByAltText": [Function],
  "queryAllByDisplayValue": [Function],
  "queryAllByLabelText": [Function],
  "queryAllByPlaceholderText": [Function],
  "queryAllByRole": [Function],
  "queryAllByTestId": [Function],
  "queryAllByText": [Function],
  "queryAllByTitle": [Function],
  "queryByAltText": [Function],
  "queryByDisplayValue": [Function],
  "queryByLabelText": [Function],
  "queryByPlaceholderText": [Function],
  "queryByRole": [Function],
  "queryByTestId": [Function],
  "queryByText": [Function],
  "queryByTitle": [Function],
  "rerender": [Function],
  "unmount": [Function],
}
`;
